// Jest Snapshot v1, https://goo.gl/fbAQLP

exports[`Should render with expense list item wit expense 1`] = `
<div>
  <Link
    to="/edit/2"
  >
    <h3>
      Rent
    </h3>
  </Link>
  <p>
    19500
    -
    -1000
  </p>
</div>
`;
